// Jest Snapshot v1, https://goo.gl/fbAQLP

exports[`Testes do App.js Deve renderizar o componente App 1`] = `ShallowWrapper {}`;
