// Jest Snapshot v1, https://goo.gl/fbAQLP

exports[`Teste da renderização do componente Conteudo Deve renderizar o componente Conteudo 1`] = `ShallowWrapper {}`;
