// Jest Snapshot v1, https://goo.gl/fbAQLP

exports[`Teste da listagem dos produtos Deve haver o bot√£o Conferir 1`] = `ReactWrapper {}`;
